╭──────────────────────────────────╮
│✓ Operation completed successfully│
╰──────────────────────────────────╯

╭────────────────────────────╮
│! Please review your changes│
╰────────────────────────────╯

╭─────────────────────╮
│✗ Failed to save file│
╰─────────────────────╯

╭──────────────────────╮
╰──────────────────────╯
