╭─Help─────────────────────────────────╮
│Keyboard Shortcuts                    │
│──────────────────────────────────────│
│Ctrl+S      Save file                 │
│Ctrl+O      Open file                 │
│Ctrl+N      New file                  │
│───────────── Navigation ─────────────│
│↑↓          Move cursor               │
│PgUp/Dn     Scroll page               │
│Home/End    Go to start/end           │
│────────────── Editing ───────────────│
│Ctrl+Z      Undo                      │
│Ctrl+Y      Redo                      │
│                                      │
│                                      │
│                Press any key to close│
│                                      │
╰──────────────────────────────────────╯
