╭─CI Pipeline────────────────────────────────────╮
│Build Progress                                  │
│                                                │
│────────────────────────────────────────────────│
│                                                │
│Compiling:  ████████████████████ 100% Done      │
│                                                │
│Testing:    ███████████████░░░░░  75% 75%       │
│                                                │
│Deploying:  ██████░░░░░░░░░░░░░░  30% 30%       │
│                                                │
│Cleanup:    ░░░░░░░░░░░░░░░░░░░░   0% Waiting   │
│                                                │
╰────────────────────────────────────────────────╯
