[ General ]  Network    Security   Advanced
─────────────────────────────────────────────
╭───────────────────────────────────────────╮
│General Settings                           │
│                                           │
│                                           │
│                                           │
│                                           │
│                            [Reset] [Apply]│
│                                           │
│                                           │
│                                           │
│                                           │
│                                           │
╰───────────────────────────────────────────╯
