                      System Dashboard
╭─Performance─────╮ ╭─Status───╮ ╭─Logs───╮
│CPU              │ │Active    │ │Errors  │
│███████░░░░░  65%│ │Users: 42 │ │Warnings│
│65%              │ │Uptime: 7d│ │Info    │
╰─────────────────╯ ╰──────────╯ ╰────────╯
                   Last updated: 12:00 PM





