╭─Source──────────────────────────╮
│main.go                          │
│─────────────────────────────────│
│1 func hello() {                 │
│2     fmt.Println("Hi")          │
│3 }                              │
│                                 │
│                                 │
│                                 │
╰─────────────────────────────────╯
