╭──────────╮ ╭─Content────────────────────────╮
│Navigation│ │Welcome Home                    │
│──────────│ │                                │
│> Home    │ │                                │
│  Settings│ │                                │
│  Profile │ │                                │
│  Help    │ │This is the main content area.  │
│          │ │Select an item from the sidebar.│
│          │ │                                │
│          │ │                                │
│          │ │                                │
│──────────│ │                                │
│  Logout  │ │Version: 1.0.0           Help: ?│
╰──────────╯ ╰────────────────────────────────╯
