╭─Dialog──────────────────────────╮
│Confirm Action...................│
│.................................│
│─────────────────────────────────│
│.................................│
│Are you sure?....................│
│.................................│
│.................................│
│.................................│
│[Cancel].....................[OK]│
╰─────────────────────────────────╯
