[ General ]  Network    Security   Advanced
─────────────────────────────────────────────
╭───────────────────────────────────────────╮
│General Settings                           │
│                                           │
│                                           │
│                                           │
│Username:                             admin│
│                                           │
│Language:                           English│
│                                           │
│Theme:                                 Dark│
│                                           │
│                            [Reset] [Apply]│
╰───────────────────────────────────────────╯
