Some text.

┌─────────┬────────────────────────────┬────────┬────────────┐
│ Package │ Description                │ Status │ Maintainer │
├─────────┼────────────────────────────┼────────┼────────────┤
│ assert  │ Test assertions with diffs │ Stable │ @curtis    │
│ cli     │ Commands, flags, config    │ Stable │ @curtis    │
└─────────┴────────────────────────────┴────────┴────────────┘


