╭─User Profile────────────────────╮
│Name:                       Alice│
│                                 │
│Email:          alice@example.com│
│                                 │
│─────────────────────────────────│
│                                 │
│                         [Submit]│
╰─────────────────────────────────╯

